// Jest Snapshot v1, https://goo.gl/fbAQLP

exports[`<footerList /> renders on footerList correctly 1`] = `<footerList />`;
